[INFO] Scanning for projects...
[INFO] 
[INFO] --------------------------< com.mesatech:bff >--------------------------
[INFO] Building  0.0.1-SNAPSHOT
[INFO]   from pom.xml
[INFO] --------------------------------[ jar ]---------------------------------
[INFO] 
[INFO] >>> spring-boot:4.1.1:run (default-cli) > test-compile @ bff >>>
[INFO] 
[INFO] --- resources:3.5.0:resources (default-resources) @ bff ---
[INFO] Copying 1 resource from src/main/resources to target/classes
[INFO] Copying 0 resource from src/main/resources to target/classes
[INFO] 
[INFO] --- compiler:3.15.0:compile (default-compile) @ bff ---
[INFO] Nothing to compile - all classes are up to date.
[INFO] 
[INFO] --- resources:3.5.0:testResources (default-testResources) @ bff ---
[INFO] skip non existing resourceDirectory /Users/matiaspaz/Desktop/DUOCUC/Ingenieria en informatica/Desarrollo cloud native/prueba1/bff/src/test/resources
[INFO] 
[INFO] --- compiler:3.15.0:testCompile (default-testCompile) @ bff ---
[INFO] Nothing to compile - all classes are up to date.
[INFO] 
[INFO] <<< spring-boot:4.1.1:run (default-cli) < test-compile @ bff <<<
[INFO] 
[INFO] 
[INFO] --- spring-boot:4.1.1:run (default-cli) @ bff ---
[INFO] Attaching agents: []

  .   ____          _            __ _ _
 /\\ / ___'_ __ _ _(_)_ __  __ _ \ \ \ \
( ( )\___ | '_ | '_| | '_ \/ _` | \ \ \ \
 \\/  ___)| |_)| | | | | || (_| |  ) ) ) )
  '  |____| .__|_| |_|_| |_\__, | / / / /
 =========|_|==============|___/=/_/_/_/

 :: Spring Boot ::                (v4.1.1)

2026-09-25T18:16:00.144-03:00  INFO 4942 --- [           main] com.mesatech.bff.BffApplication          : Starting BffApplication using Java 23.0.2 with PID 4942 (/Users/matiaspaz/Desktop/DUOCUC/Ingenieria en informatica/Desarrollo cloud native/prueba1/bff/target/classes started by matiaspaz in /Users/matiaspaz/Desktop/DUOCUC/Ingenieria en informatica/Desarrollo cloud native/prueba1/bff)
2026-09-25T18:16:00.146-03:00  INFO 4942 --- [           main] com.mesatech.bff.BffApplication          : No active profile set, falling back to 1 default profile: "default"
2026-09-25T18:16:00.632-03:00  INFO 4942 --- [           main] o.s.boot.tomcat.TomcatWebServer          : Tomcat initialized with port 8080 (http)
2026-09-25T18:16:00.644-03:00  INFO 4942 --- [           main] o.apache.catalina.core.StandardService   : Starting service [Tomcat]
2026-09-25T18:16:00.644-03:00  INFO 4942 --- [           main] o.apache.catalina.core.StandardEngine    : Starting Servlet engine: [Apache Tomcat/11.0.24]
2026-09-25T18:16:00.677-03:00  INFO 4942 --- [           main] b.w.c.s.WebApplicationContextInitializer : Root WebApplicationContext: initialization completed in 501 ms
2026-09-25T18:16:00.949-03:00  WARN 4942 --- [           main] ConfigServletWebServerApplicationContext : Exception encountered during context initialization - cancelling refresh attempt: org.springframework.context.ApplicationContextException: Failed to start bean 'webServerStartStop'
2026-09-25T18:16:00.958-03:00  INFO 4942 --- [           main] .s.b.a.l.ConditionEvaluationReportLogger : 

Error starting ApplicationContext. To display the condition evaluation report re-run your application with 'debug' enabled.
2026-09-25T18:16:00.962-03:00 ERROR 4942 --- [           main] o.s.b.d.LoggingFailureAnalysisReporter   : 

***************************
APPLICATION FAILED TO START
***************************

Description:

Web server failed to start. Port 8080 was already in use.

Action:

Identify and stop the process that's listening on port 8080 or configure this application to listen on another port.

[INFO] ------------------------------------------------------------------------
[INFO] BUILD FAILURE
[INFO] ------------------------------------------------------------------------
[INFO] Total time:  2.077 s
[INFO] Finished at: 2026-09-25T18:16:00-03:00
[INFO] ------------------------------------------------------------------------
[ERROR] Failed to execute goal org.springframework.boot:spring-boot-maven-plugin:4.1.1:run (default-cli) on project bff: Process terminated with exit code: 1 -> [Help 1]
[ERROR] 
[ERROR] To see the full stack trace of the errors, re-run Maven with the -e switch.
[ERROR] Re-run Maven using the -X switch to enable full debug logging.
[ERROR] 
[ERROR] For more information about the errors and possible solutions, please read the following articles:
[ERROR] [Help 1] http://cwiki.apache.org/confluence/display/MAVEN/MojoExecutionException
